// Jest Snapshot v1, https://goo.gl/fbAQLP

exports[`Hello HELLO Component 1`] = `
<div>
  Hello World!!!
</div>
`;
